paths, /pet, put, parameters, [1], in, 
paths, /pet, put, parameters, [3], in, 
count=2
in
in
