swagger: "2.0"
info:
  contact:
    phone:
    email: sarma@ussmoso.com
    url: http://www.apache.org/licenses/LICENSE-2.0.html
basePath: /playground
paths:
  /pet:
    put:
      consumes:
      - application/json
      responses:
        ${ASUX::Key202}:
          description: ${ASUX::Key101}
          schema:
            $ref: ${ASUX::Key202}
	Echo: yaml insert 'info,contact,phone,[0]' 'new array element No.1' --delimiter ,
swagger: "2.0"
info:
  contact:
    phone:
    - new array element No.1
    email: sarma@ussmoso.com
    url: http://www.apache.org/licenses/LICENSE-2.0.html
basePath: /playground
paths:
  /pet:
    put:
      consumes:
      - application/json
      responses:
        ${ASUX::Key202}:
          description: ${ASUX::Key101}
          schema:
            $ref: ${ASUX::Key202}
	Echo: yaml insert 'info,contact,phone,[1]' '2nd new array element' --delimiter ,
