[
  ]
before FOREACH 
end-of-loop. Must see 4 lines only 
